// Jest Snapshot v1, https://goo.gl/fbAQLP

exports[`<Header /> By default renders 1`] = `"<div class=\\"ui-header a b c d e f g h i j\\"><div class=\\"ui-autosuggest b k l e m n\\"><input type=\\"text\\" value=\\"\\" class=\\"o p q c a r s\\" placeholder=\\"Search for Starwars Character\\"/></div></div>"`;
