// Jest Snapshot v1, https://goo.gl/fbAQLP

exports[`<TableView /> By default renders 1`] = `"<div class=\\"table-view a b c d e\\"><div class=\\"f a g h i j k\\"><div class=\\"b\\">testKey1</div><div class=\\"l\\">testValue1</div></div><div class=\\"f a g h i j k\\"><div class=\\"b\\">testKey2</div><div class=\\"l\\">testValue2</div></div></div>"`;
